OUT +   200.6ms wrote 12 err=<nil> data=ff0800000000000000000000
IN  +   200.9ms [12] ff08001c2400000000000000
OUT +   701.0ms wrote 12 err=<nil> data=ff0c00000000000000000000
IN  +   701.2ms [12] fff000000000000000000000
OUT +  1201.4ms wrote 12 err=<nil> data=ff0800010100000000000000
IN  +  1201.6ms [12] ff0800111900000000000000
OUT +  1701.8ms wrote 12 err=<nil> data=ff0c00000000000000000000
IN  +  1701.8ms [12] fff000000000000000000000
OUT +  2203.0ms wrote 12 err=<nil> data=ff0800020200000000000000
IN  +  2205.0ms [12] ff08000c1400000000000000
OUT +  2703.6ms wrote 12 err=<nil> data=ff0c00000000000000000000
IN  +  2703.8ms [12] fff000000000000000000000
OUT +  3204.9ms wrote 12 err=<nil> data=ff0801000100000000000000
IN  +  3205.1ms [12] ff08000b1300000000000000
OUT +  3705.2ms wrote 12 err=<nil> data=ff0c00000000000000000000
IN  +  3705.3ms [12] fff000000000000000000000
OUT +  4206.5ms wrote 12 err=<nil> data=ff0801010200000000000000
IN  +  4206.6ms [12] ff08000a1200000000000000
OUT +  4707.0ms wrote 12 err=<nil> data=ff0c00000000000000000000
IN  +  4707.1ms [12] fff000000000000000000000
OUT +  5207.4ms wrote 12 err=<nil> data=ff0801020300000000000000
IN  +  5207.6ms [12] ff08000b1300000000000000
OUT +  5708.5ms wrote 12 err=<nil> data=ff0c00000000000000000000
IN  +  5708.7ms [12] fff000000000000000000000
OUT +  6208.7ms wrote 12 err=<nil> data=ff0802000200000000000000
IN  +  6209.0ms [12] ff08000c1400000000000000
OUT +  6709.3ms wrote 12 err=<nil> data=ff0c00000000000000000000
IN  +  6709.5ms [12] fff000000000000000000000
OUT +  7210.5ms wrote 12 err=<nil> data=ff0802010300000000000000
IN  +  7210.7ms [12] ff0800000800000000000000
OUT +  7710.7ms wrote 12 err=<nil> data=ff0c00000000000000000000
IN  +  7710.9ms [12] fff000000000000000000000
OUT +  8211.2ms wrote 12 err=<nil> data=ff0802020400000000000000
IN  +  8211.3ms [12] ff08000a1200000000000000
OUT +  8711.4ms wrote 12 err=<nil> data=ff0c00000000000000000000
IN  +  8711.6ms [12] fff000000000000000000000
OUT +  9212.6ms wrote 12 err=<nil> data=ff0803000300000000000000
IN  +  9212.8ms [12] ff08000c1400000000000000
OUT +  9713.8ms wrote 12 err=<nil> data=ff0c00000000000000000000
IN  +  9714.0ms [12] fff000000000000000000000
OUT + 10214.0ms wrote 12 err=<nil> data=ff0803010400000000000000
IN  + 10214.3ms [12] ff0800000800000000000000
OUT + 10714.4ms wrote 12 err=<nil> data=ff0c00000000000000000000
IN  + 10714.6ms [12] fff000000000000000000000
OUT + 11215.0ms wrote 12 err=<nil> data=ff0803020500000000000000
IN  + 11215.2ms [12] ff08000a1200000000000000
OUT + 11715.6ms wrote 12 err=<nil> data=ff0c00000000000000000000
IN  + 11715.7ms [12] fff000000000000000000000
