OUT +   200.8ms wrote 12 err=<nil> data=ff0200000000000000000000
IN  +   201.0ms [12] ff0001460000000047000000
OUT +   401.3ms wrote 12 err=<nil> data=ff0800000000000000000000
IN  +   401.5ms [12] ff08001c2400000000000000
OUT +   702.1ms wrote 12 err=<nil> data=ff0200000000000000000000
IN  +   702.1ms [12] ff000151800107f8d2000000
OUT +  1702.9ms wrote 12 err=<nil> data=ff0200000000000000000000
IN  +  1703.1ms [12] ff0001ce000105683d000000
OUT +  2703.5ms wrote 12 err=<nil> data=ff0200000000000000000000
IN  +  2703.7ms [12] ff0001db00010000dd000000
OUT +  3704.0ms wrote 12 err=<nil> data=ff0200000000000000000000
IN  +  3704.2ms [12] ff0001d3000200d0a6000000
OUT +  4704.7ms wrote 12 err=<nil> data=ff0200000000000000000000
IN  +  4705.0ms [12] ff0001d3000200f8ce000000
OUT +  5705.4ms wrote 12 err=<nil> data=ff0200000000000000000000
IN  +  5705.6ms [12] ff0001d4000200d0a7000000
OUT +  6706.0ms wrote 12 err=<nil> data=ff0200000000000000000000
IN  +  6706.2ms [12] ff0001d5000200a078000000
OUT +  7706.7ms wrote 12 err=<nil> data=ff0200000000000000000000
IN  +  7706.9ms [12] ff0001cd00000000ce000000
OUT +  8707.4ms wrote 12 err=<nil> data=ff0200000000000000000000
IN  +  8707.6ms [12] ff0001c100000000c2000000
OUT +  9708.4ms wrote 12 err=<nil> data=ff0200000000000000000000
IN  +  9708.6ms [12] ff0001b800000000b9000000
OUT + 10709.3ms wrote 12 err=<nil> data=ff0200000000000000000000
IN  + 10709.5ms [12] ff0001b000000000b1000000
OUT + 11710.0ms wrote 12 err=<nil> data=ff0200000000000000000000
IN  + 11710.3ms [12] ff0001aa00000000ab000000
OUT + 12710.7ms wrote 12 err=<nil> data=ff0200000000000000000000
IN  + 12711.0ms [12] ff0001a400000000a5000000
OUT + 13711.4ms wrote 12 err=<nil> data=ff0200000000000000000000
IN  + 13711.5ms [12] ff00019f00000000a0000000
OUT + 14712.1ms wrote 12 err=<nil> data=ff0200000000000000000000
IN  + 14712.2ms [12] ff00019a000000009b000000
OUT + 15713.1ms wrote 12 err=<nil> data=ff0200000000000000000000
IN  + 15713.3ms [12] ff0001960000000097000000
OUT + 16713.6ms wrote 12 err=<nil> data=ff0200000000000000000000
IN  + 16713.9ms [12] ff0001930000000094000000
OUT + 17714.4ms wrote 12 err=<nil> data=ff0200000000000000000000
IN  + 17714.5ms [12] ff00018f0000000090000000
OUT + 18715.3ms wrote 12 err=<nil> data=ff0200000000000000000000
IN  + 18715.5ms [12] ff00018c000000008d000000
OUT + 19716.1ms wrote 12 err=<nil> data=ff0200000000000000000000
IN  + 19716.3ms [12] ff000189000000008a000000
OUT + 20717.0ms wrote 12 err=<nil> data=ff0200000000000000000000
IN  + 20717.1ms [12] ff0001870000000088000000
OUT + 21717.9ms wrote 12 err=<nil> data=ff0200000000000000000000
IN  + 21718.1ms [12] ff0001840000000085000000
OUT + 22718.4ms wrote 12 err=<nil> data=ff0200000000000000000000
IN  + 22718.6ms [12] ff0001820000000083000000
OUT + 23718.9ms wrote 12 err=<nil> data=ff0200000000000000000000
IN  + 23719.1ms [12] ff0001800000000081000000
OUT + 24719.5ms wrote 12 err=<nil> data=ff0200000000000000000000
IN  + 24719.7ms [12] ff00017e000000007f000000
OUT + 25720.3ms wrote 12 err=<nil> data=ff0200000000000000000000
IN  + 25720.4ms [12] ff00017c000000007d000000
OUT + 26720.6ms wrote 12 err=<nil> data=ff0200000000000000000000
IN  + 26720.9ms [12] ff00017a000000007b000000
OUT + 27721.3ms wrote 12 err=<nil> data=ff0200000000000000000000
IN  + 27721.8ms [12] ff000179000000007a000000
OUT + 28722.0ms wrote 12 err=<nil> data=ff0200000000000000000000
IN  + 28722.3ms [12] ff0001770000000078000000
OUT + 29722.5ms wrote 12 err=<nil> data=ff0200000000000000000000
IN  + 29722.7ms [12] ff0001760000000077000000
OUT + 30722.9ms wrote 12 err=<nil> data=ff0200000000000000000000
IN  + 30723.1ms [12] ff0001740000000075000000
OUT + 31723.5ms wrote 12 err=<nil> data=ff0200000000000000000000
IN  + 31723.7ms [12] ff0001730000000074000000
OUT + 32724.1ms wrote 12 err=<nil> data=ff0200000000000000000000
IN  + 32724.3ms [12] ff0001720000000073000000
OUT + 33724.9ms wrote 12 err=<nil> data=ff0200000000000000000000
IN  + 33725.1ms [12] ff0001700000000071000000
OUT + 34725.6ms wrote 12 err=<nil> data=ff0200000000000000000000
IN  + 34725.8ms [12] ff00016f0000000070000000
OUT + 35726.1ms wrote 12 err=<nil> data=ff0200000000000000000000
IN  + 35726.4ms [12] ff00016e000000006f000000
OUT + 36726.9ms wrote 12 err=<nil> data=ff0200000000000000000000
IN  + 36727.1ms [12] ff00016d000000006e000000
OUT + 37727.6ms wrote 12 err=<nil> data=ff0200000000000000000000
IN  + 37727.8ms [12] ff00016c000000006d000000
OUT + 38728.3ms wrote 12 err=<nil> data=ff0200000000000000000000
IN  + 38728.5ms [12] ff00016b000000006c000000
OUT + 39729.4ms wrote 12 err=<nil> data=ff0200000000000000000000
IN  + 39729.6ms [12] ff00016a000000006b000000
OUT + 40730.4ms wrote 12 err=<nil> data=ff0200000000000000000000
IN  + 40730.6ms [12] ff00016a000000006b000000
OUT + 41731.0ms wrote 12 err=<nil> data=ff0200000000000000000000
IN  + 41731.2ms [12] ff000169000000006a000000
OUT + 42731.8ms wrote 12 err=<nil> data=ff0200000000000000000000
IN  + 42731.9ms [12] ff0001680000000069000000
OUT + 43732.5ms wrote 12 err=<nil> data=ff0200000000000000000000
IN  + 43732.8ms [12] ff0001670000000068000000
